---
source: src/tests.rs
expression: formatted_input
---
-
    -
        -

-
    -
        -

-
    -
        -

-
    -
    -
    -

-
    -
        -
        -
        -
    -
    -
    -
    -
    -
        -
        -
    -
-

1.
1.
1.

1.
1.
1.

1.
1.
1.

1.
1.
1.

1.
    1.
        1.
            1.
                1.
                    1.
                        1.
                            1.
                                1.
                                    1.
                                        1. -
                                                -
                                                -
                                                -
                                    1.
                                1.
                            1.
                        1.
                    1.
                1.
            1.
        1.
    1.
1.
