---
source: src/tests.rs
expression: formatted_input
---
>
>>>

>
>>
>>
>>

>>>
>>
>>>
>
>>

> - >
>     >>

> - >
>     >>
>     >>
>     >>

> - >>>
>     >>
>     >>>
>     >
>     >>
