---
source: src/test.rs
expression: rewrite
---
Congratulations, that's really good news ðŸ™‚

I have a couple of good firends there.
