---
source: src/test.rs
expression: rewrite
---
- $a$

    $$
    a
    $$
