---
source: src/test.rs
assertion_line: 63
---
# Hello World!
1. Hey [there!]
1. what's going on?

<p> and a little bit of HTML </p>

```rust
fn main() {}
```
[there!]: htts://example.com "Yoooo"
